Copyright 1986-2022 Xilinx, Inc. All Rights Reserved. Copyright 2022-2025 Advanced Micro Devices, Inc. All Rights Reserved.
---------------------------------------------------------------------------------------------------------------------------------------------
| Tool Version : Vivado v.2025.1 (win64) Build 6140274 Thu May 22 00:12:29 MDT 2025
| Date         : Sun Aug 24 16:20:49 2025
| Host         : LAPTOP-JP12RQ9T running 64-bit major release  (build 9200)
| Command      : report_utilization -file design_2_wrapper_utilization_placed.rpt -pb design_2_wrapper_utilization_placed.pb
| Design       : design_2_wrapper
| Device       : xc7z020clg400-1
| Speed File   : -1
| Design State : Fully Placed
---------------------------------------------------------------------------------------------------------------------------------------------

Utilization Design Information

Table of Contents
-----------------
1. Slice Logic
1.1 Summary of Registers by Type
2. Slice Logic Distribution
3. Memory
4. DSP
5. IO and GT Specific
6. Clocking
7. Specific Feature
8. Primitives
9. Black Boxes
10. Instantiated Netlists

1. Slice Logic
--------------

+----------------------------+-------+-------+------------+-----------+-------+
|          Site Type         |  Used | Fixed | Prohibited | Available | Util% |
+----------------------------+-------+-------+------------+-----------+-------+
| Slice LUTs                 | 46722 |     0 |          0 |     53200 | 87.82 |
|   LUT as Logic             | 46720 |     0 |          0 |     53200 | 87.82 |
|   LUT as Memory            |     2 |     0 |          0 |     17400 |  0.01 |
|     LUT as Distributed RAM |     0 |     0 |            |           |       |
|     LUT as Shift Register  |     2 |     0 |            |           |       |
| Slice Registers            |  4616 |     0 |          0 |    106400 |  4.34 |
|   Register as Flip Flop    |  4424 |     0 |          0 |    106400 |  4.16 |
|   Register as Latch        |   192 |     0 |          0 |    106400 |  0.18 |
| F7 Muxes                   |    92 |     0 |          0 |     26600 |  0.35 |
| F8 Muxes                   |    46 |     0 |          0 |     13300 |  0.35 |
+----------------------------+-------+-------+------------+-----------+-------+
* Warning! LUT value is adjusted to account for LUT combining.


1.1 Summary of Registers by Type
--------------------------------

+-------+--------------+-------------+--------------+
| Total | Clock Enable | Synchronous | Asynchronous |
+-------+--------------+-------------+--------------+
| 0     |            _ |           - |            - |
| 0     |            _ |           - |          Set |
| 0     |            _ |           - |        Reset |
| 0     |            _ |         Set |            - |
| 0     |            _ |       Reset |            - |
| 0     |          Yes |           - |            - |
| 591   |          Yes |           - |          Set |
| 1099  |          Yes |           - |        Reset |
| 68    |          Yes |         Set |            - |
| 2858  |          Yes |       Reset |            - |
+-------+--------------+-------------+--------------+


2. Slice Logic Distribution
---------------------------

+--------------------------------------------+-------+-------+------------+-----------+-------+
|                  Site Type                 |  Used | Fixed | Prohibited | Available | Util% |
+--------------------------------------------+-------+-------+------------+-----------+-------+
| Slice                                      | 12790 |     0 |          0 |     13300 | 96.17 |
|   SLICEL                                   |  8617 |     0 |            |           |       |
|   SLICEM                                   |  4173 |     0 |            |           |       |
| LUT as Logic                               | 46720 |     0 |          0 |     53200 | 87.82 |
|   using O5 output only                     |     3 |       |            |           |       |
|   using O6 output only                     | 33816 |       |            |           |       |
|   using O5 and O6                          | 12901 |       |            |           |       |
| LUT as Memory                              |     2 |     0 |          0 |     17400 |  0.01 |
|   LUT as Distributed RAM                   |     0 |     0 |            |           |       |
|     using O5 output only                   |     0 |       |            |           |       |
|     using O6 output only                   |     0 |       |            |           |       |
|     using O5 and O6                        |     0 |       |            |           |       |
|   LUT as Shift Register                    |     2 |     0 |            |           |       |
|     using O5 output only                   |     0 |       |            |           |       |
|     using O6 output only                   |     2 |       |            |           |       |
|     using O5 and O6                        |     0 |       |            |           |       |
| Slice Registers                            |  4616 |     0 |          0 |    106400 |  4.34 |
|   Register driven from within the Slice    |  2316 |       |            |           |       |
|   Register driven from outside the Slice   |  2300 |       |            |           |       |
|     LUT in front of the register is unused |   423 |       |            |           |       |
|     LUT in front of the register is used   |  1877 |       |            |           |       |
| Unique Control Sets                        |   909 |       |          0 |     13300 |  6.83 |
+--------------------------------------------+-------+-------+------------+-----------+-------+
* * Note: Available Control Sets calculated as Slice * 1, Review the Control Sets Report for more information regarding control sets.


3. Memory
---------

+----------------+------+-------+------------+-----------+-------+
|    Site Type   | Used | Fixed | Prohibited | Available | Util% |
+----------------+------+-------+------------+-----------+-------+
| Block RAM Tile |    0 |     0 |          0 |       140 |  0.00 |
|   RAMB36/FIFO* |    0 |     0 |          0 |       140 |  0.00 |
|   RAMB18       |    0 |     0 |          0 |       280 |  0.00 |
+----------------+------+-------+------------+-----------+-------+
* Note: Each Block RAM Tile only has one FIFO logic available and therefore can accommodate only one FIFO36E1 or one FIFO18E1. However, if a FIFO18E1 occupies a Block RAM Tile, that tile can still accommodate a RAMB18E1


4. DSP
------

+-----------+------+-------+------------+-----------+-------+
| Site Type | Used | Fixed | Prohibited | Available | Util% |
+-----------+------+-------+------------+-----------+-------+
| DSPs      |    0 |     0 |          0 |       220 |  0.00 |
+-----------+------+-------+------------+-----------+-------+


5. IO and GT Specific
---------------------

+-----------------------------+------+-------+------------+-----------+--------+
|          Site Type          | Used | Fixed | Prohibited | Available |  Util% |
+-----------------------------+------+-------+------------+-----------+--------+
| Bonded IOB                  |    3 |     3 |          0 |       125 |   2.40 |
|   IOB Master Pads           |    1 |       |            |           |        |
|   IOB Slave Pads            |    1 |       |            |           |        |
| Bonded IPADs                |    0 |     0 |          0 |         2 |   0.00 |
| Bonded IOPADs               |  130 |   130 |          0 |       130 | 100.00 |
| PHY_CONTROL                 |    0 |     0 |          0 |         4 |   0.00 |
| PHASER_REF                  |    0 |     0 |          0 |         4 |   0.00 |
| OUT_FIFO                    |    0 |     0 |          0 |        16 |   0.00 |
| IN_FIFO                     |    0 |     0 |          0 |        16 |   0.00 |
| IDELAYCTRL                  |    0 |     0 |          0 |         4 |   0.00 |
| IBUFDS                      |    0 |     0 |          0 |       121 |   0.00 |
| PHASER_OUT/PHASER_OUT_PHY   |    0 |     0 |          0 |        16 |   0.00 |
| PHASER_IN/PHASER_IN_PHY     |    0 |     0 |          0 |        16 |   0.00 |
| IDELAYE2/IDELAYE2_FINEDELAY |    0 |     0 |          0 |       200 |   0.00 |
| ILOGIC                      |    0 |     0 |          0 |       125 |   0.00 |
| OLOGIC                      |    0 |     0 |          0 |       125 |   0.00 |
+-----------------------------+------+-------+------------+-----------+--------+


6. Clocking
-----------

+------------+------+-------+------------+-----------+-------+
|  Site Type | Used | Fixed | Prohibited | Available | Util% |
+------------+------+-------+------------+-----------+-------+
| BUFGCTRL   |    5 |     0 |          0 |        32 | 15.63 |
| BUFIO      |    0 |     0 |          0 |        16 |  0.00 |
| MMCME2_ADV |    0 |     0 |          0 |         4 |  0.00 |
| PLLE2_ADV  |    0 |     0 |          0 |         4 |  0.00 |
| BUFMRCE    |    0 |     0 |          0 |         8 |  0.00 |
| BUFHCE     |    0 |     0 |          0 |        72 |  0.00 |
| BUFR       |    0 |     0 |          0 |        16 |  0.00 |
+------------+------+-------+------------+-----------+-------+


7. Specific Feature
-------------------

+-------------+------+-------+------------+-----------+-------+
|  Site Type  | Used | Fixed | Prohibited | Available | Util% |
+-------------+------+-------+------------+-----------+-------+
| BSCANE2     |    0 |     0 |          0 |         4 |  0.00 |
| CAPTUREE2   |    0 |     0 |          0 |         1 |  0.00 |
| DNA_PORT    |    0 |     0 |          0 |         1 |  0.00 |
| EFUSE_USR   |    0 |     0 |          0 |         1 |  0.00 |
| FRAME_ECCE2 |    0 |     0 |          0 |         1 |  0.00 |
| ICAPE2      |    0 |     0 |          0 |         2 |  0.00 |
| STARTUPE2   |    0 |     0 |          0 |         1 |  0.00 |
| XADC        |    0 |     0 |          0 |         1 |  0.00 |
+-------------+------+-------+------------+-----------+-------+


8. Primitives
-------------

+----------+-------+----------------------+
| Ref Name |  Used |  Functional Category |
+----------+-------+----------------------+
| LUT4     | 33000 |                  LUT |
| LUT3     | 11848 |                  LUT |
| CARRY4   | 10031 |           CarryLogic |
| LUT2     |  6282 |                  LUT |
| LUT6     |  4979 |                  LUT |
| LUT5     |  3058 |                  LUT |
| FDRE     |  2858 |         Flop & Latch |
| FDCE     |   907 |         Flop & Latch |
| FDPE     |   591 |         Flop & Latch |
| LUT1     |   454 |                  LUT |
| LDCE     |   192 |         Flop & Latch |
| BIBUF    |   130 |                   IO |
| MUXF7    |    92 |                MuxFx |
| FDSE     |    68 |         Flop & Latch |
| MUXF8    |    46 |                MuxFx |
| BUFG     |     5 |                Clock |
| OBUF     |     3 |                   IO |
| SRL16E   |     2 |   Distributed Memory |
| PS7      |     1 | Specialized Resource |
+----------+-------+----------------------+


9. Black Boxes
--------------

+----------+------+
| Ref Name | Used |
+----------+------+


10. Instantiated Netlists
-------------------------

+-----------------------------------+------+
|              Ref Name             | Used |
+-----------------------------------+------+
| design_2_top_onn_system_wrapp_0_1 |    1 |
| design_2_rst_ps7_0_50M_1          |    1 |
| design_2_processing_system7_0_0   |    1 |
| design_2_axi_smc_1                |    1 |
| design_2_axi_gpio_5_0             |    1 |
| design_2_axi_gpio_4_0             |    1 |
| design_2_axi_gpio_3_0             |    1 |
| design_2_axi_gpio_2_0             |    1 |
| design_2_axi_gpio_1_0             |    1 |
| design_2_axi_gpio_0_0             |    1 |
+-----------------------------------+------+


