#-----------------------------------------------------------
# Vivado v2025.1 (64-bit)
# SW Build 6140274 on Thu May 22 00:12:29 MDT 2025
# IP Build 6138677 on Thu May 22 03:10:11 MDT 2025
# SharedData Build 6139179 on Tue May 20 17:58:58 MDT 2025
# Start of session at: Sun Oct 12 16:48:26 2025
# Process ID         : 19364
# Current directory  : C:/Users/riyan/ONN_Final_Implementation/ONN_Final_Implementation.runs/impl_1
# Command line       : vivado.exe -log design_2_wrapper.vdi -applog -product Vivado -messageDb vivado.pb -mode batch -source design_2_wrapper.tcl -notrace
# Log file           : C:/Users/riyan/ONN_Final_Implementation/ONN_Final_Implementation.runs/impl_1/design_2_wrapper.vdi
# Journal file       : C:/Users/riyan/ONN_Final_Implementation/ONN_Final_Implementation.runs/impl_1\vivado.jou
# Running On         : LAPTOP-JP12RQ9T
# Platform           : Windows Server 2016 or Windows 10
# Operating System   : 26100
# Processor Detail   : 12th Gen Intel(R) Core(TM) i7-12650H
# CPU Frequency      : 2688 MHz
# CPU Physical cores : 10
# CPU Logical cores  : 16
# Host memory        : 16831 MB
# Swap memory        : 9509 MB
# Total Virtual      : 26340 MB
# Available Virtual  : 5658 MB
#-----------------------------------------------------------
source design_2_wrapper.tcl -notrace
