
*** Running vivado
    with args -log design_2_top_onn_system_wrapp_0_1.vds -m64 -product Vivado -mode batch -messageDb vivado.pb -notrace -source design_2_top_onn_system_wrapp_0_1.tcl



****** Vivado v2025.1 (64-bit)
  **** SW Build 6140274 on Thu May 22 00:12:29 MDT 2025
  **** IP Build 6138677 on Thu May 22 03:10:11 MDT 2025
  **** SharedData Build 6139179 on Tue May 20 17:58:58 MDT 2025
  **** Start of session at: Mon Jul  7 11:08:24 2025
    ** Copyright 1986-2022 Xilinx, Inc. All Rights Reserved.
    ** Copyright 2022-2025 Advanced Micro Devices, Inc. All Rights Reserved.

source design_2_top_onn_system_wrapp_0_1.tcl -notrace
INFO: [IP_Flow 19-234] Refreshing IP repositories
INFO: [IP_Flow 19-1700] Loaded user IP repository 'c:/Users/riyan/ip_repo/iobuf_wrapper_1_0'.
INFO: [IP_Flow 19-2313] Loaded Vivado IP repository 'E:/riyan/2025.1/Vivado/data/ip'.
Command: synth_design -top design_2_top_onn_system_wrapp_0_1 -part xc7z020clg400-1 -incremental_mode off -mode out_of_context
Starting synth_design
Attempting to get a license for feature 'Synthesis' and/or device 'xc7z020'
INFO: [Common 17-349] Got license for feature 'Synthesis' and/or device 'xc7z020'
INFO: [Device 21-403] Loading part xc7z020clg400-1
INFO: [Synth 8-7079] Multithreading enabled for synth_design using a maximum of 2 processes.
INFO: [Synth 8-7078] Launching helper process for spawning children vivado processes
INFO: [Synth 8-7075] Helper process launched with PID 15856
---------------------------------------------------------------------------------
Starting RTL Elaboration : Time (s): cpu = 00:00:04 ; elapsed = 00:00:04 . Memory (MB): peak = 1235.613 ; gain = 491.625
---------------------------------------------------------------------------------
INFO: [Synth 8-6157] synthesizing module 'design_2_top_onn_system_wrapp_0_1' [c:/Users/riyan/ONN_Final_Implementation/ONN_Final_Implementation.gen/sources_1/bd/design_2/ip/design_2_top_onn_system_wrapp_0_1/synth/design_2_top_onn_system_wrapp_0_1.v:53]
INFO: [Synth 8-6157] synthesizing module 'top_onn_system_wrapper' [C:/Users/riyan/ONN_Final_Implementation/ONN_Final_Implementation.srcs/sources_1/new/top_onn_system_wrapper.v:21]
INFO: [Synth 8-6157] synthesizing module 'clk_divider' [C:/Users/riyan/ONN_Final_Implementation/ONN_Final_Implementation.srcs/sources_1/new/clk_divider.v:24]
INFO: [Synth 8-6155] done synthesizing module 'clk_divider' (0#1) [C:/Users/riyan/ONN_Final_Implementation/ONN_Final_Implementation.srcs/sources_1/new/clk_divider.v:24]
INFO: [Synth 8-6157] synthesizing module 'top_onn_system' [C:/Users/riyan/ONN_Final_Implementation/ONN_Final_Implementation.srcs/sources_1/new/top_onn_system.v:23]
INFO: [Synth 8-6157] synthesizing module 'onn_system_1ONN' [C:/Users/riyan/ONN_Final_Implementation/ONN_Final_Implementation.srcs/sources_1/new/onn_system_1ONN.v:23]
	Parameter N bound to: 40 - type: integer 
	Parameter W bound to: 5 - type: integer 
INFO: [Synth 8-6157] synthesizing module 'oscillator' [C:/Users/riyan/ONN_Final_Implementation/ONN_Final_Implementation.srcs/sources_1/new/oscillator.v:24]
INFO: [Synth 8-6155] done synthesizing module 'oscillator' (0#1) [C:/Users/riyan/ONN_Final_Implementation/ONN_Final_Implementation.srcs/sources_1/new/oscillator.v:24]
INFO: [Synth 8-3876] $readmem data file 'maybe_final.mem' is read successfully [C:/Users/riyan/ONN_Final_Implementation/ONN_Final_Implementation.srcs/sources_1/new/onn_system_1ONN.v:90]
INFO: [Synth 8-6157] synthesizing module 'phase_alignment' [C:/Users/riyan/ONN_Final_Implementation/ONN_Final_Implementation.srcs/sources_1/new/phase_alignment.v:23]
INFO: [Synth 8-6157] synthesizing module 'edge_detector' [C:/Users/riyan/ONN_Final_Implementation/ONN_Final_Implementation.srcs/sources_1/new/edge_detector.v:23]
INFO: [Synth 8-6155] done synthesizing module 'edge_detector' (0#1) [C:/Users/riyan/ONN_Final_Implementation/ONN_Final_Implementation.srcs/sources_1/new/edge_detector.v:23]
INFO: [Synth 8-155] case statement is not full and has no default [C:/Users/riyan/ONN_Final_Implementation/ONN_Final_Implementation.srcs/sources_1/new/phase_alignment.v:52]
INFO: [Synth 8-155] case statement is not full and has no default [C:/Users/riyan/ONN_Final_Implementation/ONN_Final_Implementation.srcs/sources_1/new/phase_alignment.v:61]
INFO: [Synth 8-155] case statement is not full and has no default [C:/Users/riyan/ONN_Final_Implementation/ONN_Final_Implementation.srcs/sources_1/new/phase_alignment.v:73]
INFO: [Synth 8-155] case statement is not full and has no default [C:/Users/riyan/ONN_Final_Implementation/ONN_Final_Implementation.srcs/sources_1/new/phase_alignment.v:50]
INFO: [Synth 8-155] case statement is not full and has no default [C:/Users/riyan/ONN_Final_Implementation/ONN_Final_Implementation.srcs/sources_1/new/phase_alignment.v:95]
INFO: [Synth 8-6155] done synthesizing module 'phase_alignment' (0#1) [C:/Users/riyan/ONN_Final_Implementation/ONN_Final_Implementation.srcs/sources_1/new/phase_alignment.v:23]
INFO: [Synth 8-6157] synthesizing module 'phase_reg' [C:/Users/riyan/ONN_Final_Implementation/ONN_Final_Implementation.srcs/sources_1/new/phase_reg.v:23]
INFO: [Synth 8-6155] done synthesizing module 'phase_reg' (0#1) [C:/Users/riyan/ONN_Final_Implementation/ONN_Final_Implementation.srcs/sources_1/new/phase_reg.v:23]
INFO: [Synth 8-6157] synthesizing module 'clock_divider' [C:/Users/riyan/ONN_Final_Implementation/ONN_Final_Implementation.srcs/sources_1/new/clock_divider.v:23]
INFO: [Synth 8-6155] done synthesizing module 'clock_divider' (0#1) [C:/Users/riyan/ONN_Final_Implementation/ONN_Final_Implementation.srcs/sources_1/new/clock_divider.v:23]
INFO: [Synth 8-6157] synthesizing module 'compute_nin' [C:/Users/riyan/ONN_Final_Implementation/ONN_Final_Implementation.srcs/sources_1/new/compute_nin.v:23]
INFO: [Synth 8-6155] done synthesizing module 'compute_nin' (0#1) [C:/Users/riyan/ONN_Final_Implementation/ONN_Final_Implementation.srcs/sources_1/new/compute_nin.v:23]
INFO: [Synth 8-6157] synthesizing module 'nearest_40bit_matcher' [C:/Users/riyan/ONN_Final_Implementation/ONN_Final_Implementation.srcs/sources_1/new/nearest_40bit_matcher.v:23]
INFO: [Synth 8-3876] $readmem data file '160bit.mem' is read successfully [C:/Users/riyan/ONN_Final_Implementation/ONN_Final_Implementation.srcs/sources_1/new/nearest_40bit_matcher.v:34]
INFO: [Synth 8-6155] done synthesizing module 'nearest_40bit_matcher' (0#1) [C:/Users/riyan/ONN_Final_Implementation/ONN_Final_Implementation.srcs/sources_1/new/nearest_40bit_matcher.v:23]
INFO: [Synth 8-6155] done synthesizing module 'onn_system_1ONN' (0#1) [C:/Users/riyan/ONN_Final_Implementation/ONN_Final_Implementation.srcs/sources_1/new/onn_system_1ONN.v:23]
INFO: [Synth 8-6157] synthesizing module 'onn_system_2ONN' [C:/Users/riyan/ONN_Final_Implementation/ONN_Final_Implementation.srcs/sources_1/new/onn_system_2ONN.v:23]
	Parameter N bound to: 8 - type: integer 
	Parameter W bound to: 5 - type: integer 
INFO: [Synth 8-3876] $readmem data file 'pattern_2ONN.mem' is read successfully [C:/Users/riyan/ONN_Final_Implementation/ONN_Final_Implementation.srcs/sources_1/new/onn_system_2ONN.v:98]
INFO: [Synth 8-6157] synthesizing module 'compute_nin_2ONN' [C:/Users/riyan/ONN_Final_Implementation/ONN_Final_Implementation.srcs/sources_1/new/compute_nin_2ONN.v:23]
INFO: [Synth 8-6155] done synthesizing module 'compute_nin_2ONN' (0#1) [C:/Users/riyan/ONN_Final_Implementation/ONN_Final_Implementation.srcs/sources_1/new/compute_nin_2ONN.v:23]
INFO: [Synth 8-6157] synthesizing module 'nearest_8bit_matcher' [C:/Users/riyan/ONN_Final_Implementation/ONN_Final_Implementation.srcs/sources_1/new/nearest_8bit_matcher.v:22]
INFO: [Synth 8-3876] $readmem data file '32bit.mem' is read successfully [C:/Users/riyan/ONN_Final_Implementation/ONN_Final_Implementation.srcs/sources_1/new/nearest_8bit_matcher.v:36]
INFO: [Synth 8-6155] done synthesizing module 'nearest_8bit_matcher' (0#1) [C:/Users/riyan/ONN_Final_Implementation/ONN_Final_Implementation.srcs/sources_1/new/nearest_8bit_matcher.v:22]
INFO: [Synth 8-6155] done synthesizing module 'onn_system_2ONN' (0#1) [C:/Users/riyan/ONN_Final_Implementation/ONN_Final_Implementation.srcs/sources_1/new/onn_system_2ONN.v:23]
INFO: [Synth 8-6155] done synthesizing module 'top_onn_system' (0#1) [C:/Users/riyan/ONN_Final_Implementation/ONN_Final_Implementation.srcs/sources_1/new/top_onn_system.v:23]
INFO: [Synth 8-6155] done synthesizing module 'top_onn_system_wrapper' (0#1) [C:/Users/riyan/ONN_Final_Implementation/ONN_Final_Implementation.srcs/sources_1/new/top_onn_system_wrapper.v:21]
INFO: [Synth 8-6155] done synthesizing module 'design_2_top_onn_system_wrapp_0_1' (0#1) [c:/Users/riyan/ONN_Final_Implementation/ONN_Final_Implementation.gen/sources_1/bd/design_2/ip/design_2_top_onn_system_wrapp_0_1/synth/design_2_top_onn_system_wrapp_0_1.v:53]
WARNING: [Synth 8-7137] Register phi_out_reg in module phase_reg has both Set and reset with same priority. This may cause simulation mismatches. Consider rewriting code  [C:/Users/riyan/ONN_Final_Implementation/ONN_Final_Implementation.srcs/sources_1/new/phase_reg.v:32]
WARNING: [Synth 8-6014] Unused sequential element sum_reg was removed.  [C:/Users/riyan/ONN_Final_Implementation/ONN_Final_Implementation.srcs/sources_1/new/compute_nin.v:40]
WARNING: [Synth 8-6014] Unused sequential element weight_reg was removed.  [C:/Users/riyan/ONN_Final_Implementation/ONN_Final_Implementation.srcs/sources_1/new/compute_nin.v:43]
WARNING: [Synth 8-6014] Unused sequential element current_total_diff_reg was removed.  [C:/Users/riyan/ONN_Final_Implementation/ONN_Final_Implementation.srcs/sources_1/new/nearest_40bit_matcher.v:49]
WARNING: [Synth 8-6014] Unused sequential element min_pattern_reg was removed.  [C:/Users/riyan/ONN_Final_Implementation/ONN_Final_Implementation.srcs/sources_1/new/nearest_40bit_matcher.v:50]
WARNING: [Synth 8-6014] Unused sequential element sum_reg was removed.  [C:/Users/riyan/ONN_Final_Implementation/ONN_Final_Implementation.srcs/sources_1/new/compute_nin_2ONN.v:40]
WARNING: [Synth 8-6014] Unused sequential element weight_reg was removed.  [C:/Users/riyan/ONN_Final_Implementation/ONN_Final_Implementation.srcs/sources_1/new/compute_nin_2ONN.v:43]
WARNING: [Synth 8-6014] Unused sequential element current_total_diff_reg was removed.  [C:/Users/riyan/ONN_Final_Implementation/ONN_Final_Implementation.srcs/sources_1/new/nearest_8bit_matcher.v:53]
WARNING: [Synth 8-7137] Register best_match_index_reg in module nearest_8bit_matcher has both Set and reset with same priority. This may cause simulation mismatches. Consider rewriting code  [C:/Users/riyan/ONN_Final_Implementation/ONN_Final_Implementation.srcs/sources_1/new/nearest_8bit_matcher.v:75]
WARNING: [Synth 8-7129] Port weights_flat[319] in module compute_nin_2ONN is either unconnected or has no load
WARNING: [Synth 8-7129] Port weights_flat[318] in module compute_nin_2ONN is either unconnected or has no load
WARNING: [Synth 8-7129] Port weights_flat[317] in module compute_nin_2ONN is either unconnected or has no load
WARNING: [Synth 8-7129] Port weights_flat[316] in module compute_nin_2ONN is either unconnected or has no load
WARNING: [Synth 8-7129] Port weights_flat[315] in module compute_nin_2ONN is either unconnected or has no load
WARNING: [Synth 8-7129] Port weights_flat[274] in module compute_nin_2ONN is either unconnected or has no load
WARNING: [Synth 8-7129] Port weights_flat[273] in module compute_nin_2ONN is either unconnected or has no load
WARNING: [Synth 8-7129] Port weights_flat[272] in module compute_nin_2ONN is either unconnected or has no load
WARNING: [Synth 8-7129] Port weights_flat[271] in module compute_nin_2ONN is either unconnected or has no load
WARNING: [Synth 8-7129] Port weights_flat[270] in module compute_nin_2ONN is either unconnected or has no load
WARNING: [Synth 8-7129] Port weights_flat[229] in module compute_nin_2ONN is either unconnected or has no load
WARNING: [Synth 8-7129] Port weights_flat[228] in module compute_nin_2ONN is either unconnected or has no load
WARNING: [Synth 8-7129] Port weights_flat[227] in module compute_nin_2ONN is either unconnected or has no load
WARNING: [Synth 8-7129] Port weights_flat[226] in module compute_nin_2ONN is either unconnected or has no load
WARNING: [Synth 8-7129] Port weights_flat[225] in module compute_nin_2ONN is either unconnected or has no load
WARNING: [Synth 8-7129] Port weights_flat[184] in module compute_nin_2ONN is either unconnected or has no load
WARNING: [Synth 8-7129] Port weights_flat[183] in module compute_nin_2ONN is either unconnected or has no load
WARNING: [Synth 8-7129] Port weights_flat[182] in module compute_nin_2ONN is either unconnected or has no load
WARNING: [Synth 8-7129] Port weights_flat[181] in module compute_nin_2ONN is either unconnected or has no load
WARNING: [Synth 8-7129] Port weights_flat[180] in module compute_nin_2ONN is either unconnected or has no load
WARNING: [Synth 8-7129] Port weights_flat[139] in module compute_nin_2ONN is either unconnected or has no load
WARNING: [Synth 8-7129] Port weights_flat[138] in module compute_nin_2ONN is either unconnected or has no load
WARNING: [Synth 8-7129] Port weights_flat[137] in module compute_nin_2ONN is either unconnected or has no load
WARNING: [Synth 8-7129] Port weights_flat[136] in module compute_nin_2ONN is either unconnected or has no load
WARNING: [Synth 8-7129] Port weights_flat[135] in module compute_nin_2ONN is either unconnected or has no load
WARNING: [Synth 8-7129] Port weights_flat[94] in module compute_nin_2ONN is either unconnected or has no load
WARNING: [Synth 8-7129] Port weights_flat[93] in module compute_nin_2ONN is either unconnected or has no load
WARNING: [Synth 8-7129] Port weights_flat[92] in module compute_nin_2ONN is either unconnected or has no load
WARNING: [Synth 8-7129] Port weights_flat[91] in module compute_nin_2ONN is either unconnected or has no load
WARNING: [Synth 8-7129] Port weights_flat[90] in module compute_nin_2ONN is either unconnected or has no load
WARNING: [Synth 8-7129] Port weights_flat[49] in module compute_nin_2ONN is either unconnected or has no load
WARNING: [Synth 8-7129] Port weights_flat[48] in module compute_nin_2ONN is either unconnected or has no load
WARNING: [Synth 8-7129] Port weights_flat[47] in module compute_nin_2ONN is either unconnected or has no load
WARNING: [Synth 8-7129] Port weights_flat[46] in module compute_nin_2ONN is either unconnected or has no load
WARNING: [Synth 8-7129] Port weights_flat[45] in module compute_nin_2ONN is either unconnected or has no load
WARNING: [Synth 8-7129] Port weights_flat[4] in module compute_nin_2ONN is either unconnected or has no load
WARNING: [Synth 8-7129] Port weights_flat[3] in module compute_nin_2ONN is either unconnected or has no load
WARNING: [Synth 8-7129] Port weights_flat[2] in module compute_nin_2ONN is either unconnected or has no load
WARNING: [Synth 8-7129] Port weights_flat[1] in module compute_nin_2ONN is either unconnected or has no load
WARNING: [Synth 8-7129] Port weights_flat[0] in module compute_nin_2ONN is either unconnected or has no load
WARNING: [Synth 8-7129] Port clk in module oscillator is either unconnected or has no load
WARNING: [Synth 8-7129] Port weights_flat[7999] in module compute_nin is either unconnected or has no load
WARNING: [Synth 8-7129] Port weights_flat[7998] in module compute_nin is either unconnected or has no load
WARNING: [Synth 8-7129] Port weights_flat[7997] in module compute_nin is either unconnected or has no load
WARNING: [Synth 8-7129] Port weights_flat[7996] in module compute_nin is either unconnected or has no load
WARNING: [Synth 8-7129] Port weights_flat[7995] in module compute_nin is either unconnected or has no load
WARNING: [Synth 8-7129] Port weights_flat[7794] in module compute_nin is either unconnected or has no load
WARNING: [Synth 8-7129] Port weights_flat[7793] in module compute_nin is either unconnected or has no load
WARNING: [Synth 8-7129] Port weights_flat[7792] in module compute_nin is either unconnected or has no load
WARNING: [Synth 8-7129] Port weights_flat[7791] in module compute_nin is either unconnected or has no load
WARNING: [Synth 8-7129] Port weights_flat[7790] in module compute_nin is either unconnected or has no load
WARNING: [Synth 8-7129] Port weights_flat[7589] in module compute_nin is either unconnected or has no load
WARNING: [Synth 8-7129] Port weights_flat[7588] in module compute_nin is either unconnected or has no load
WARNING: [Synth 8-7129] Port weights_flat[7587] in module compute_nin is either unconnected or has no load
WARNING: [Synth 8-7129] Port weights_flat[7586] in module compute_nin is either unconnected or has no load
WARNING: [Synth 8-7129] Port weights_flat[7585] in module compute_nin is either unconnected or has no load
WARNING: [Synth 8-7129] Port weights_flat[7384] in module compute_nin is either unconnected or has no load
WARNING: [Synth 8-7129] Port weights_flat[7383] in module compute_nin is either unconnected or has no load
WARNING: [Synth 8-7129] Port weights_flat[7382] in module compute_nin is either unconnected or has no load
WARNING: [Synth 8-7129] Port weights_flat[7381] in module compute_nin is either unconnected or has no load
WARNING: [Synth 8-7129] Port weights_flat[7380] in module compute_nin is either unconnected or has no load
WARNING: [Synth 8-7129] Port weights_flat[7179] in module compute_nin is either unconnected or has no load
WARNING: [Synth 8-7129] Port weights_flat[7178] in module compute_nin is either unconnected or has no load
WARNING: [Synth 8-7129] Port weights_flat[7177] in module compute_nin is either unconnected or has no load
WARNING: [Synth 8-7129] Port weights_flat[7176] in module compute_nin is either unconnected or has no load
WARNING: [Synth 8-7129] Port weights_flat[7175] in module compute_nin is either unconnected or has no load
WARNING: [Synth 8-7129] Port weights_flat[6974] in module compute_nin is either unconnected or has no load
WARNING: [Synth 8-7129] Port weights_flat[6973] in module compute_nin is either unconnected or has no load
WARNING: [Synth 8-7129] Port weights_flat[6972] in module compute_nin is either unconnected or has no load
WARNING: [Synth 8-7129] Port weights_flat[6971] in module compute_nin is either unconnected or has no load
WARNING: [Synth 8-7129] Port weights_flat[6970] in module compute_nin is either unconnected or has no load
WARNING: [Synth 8-7129] Port weights_flat[6769] in module compute_nin is either unconnected or has no load
WARNING: [Synth 8-7129] Port weights_flat[6768] in module compute_nin is either unconnected or has no load
WARNING: [Synth 8-7129] Port weights_flat[6767] in module compute_nin is either unconnected or has no load
WARNING: [Synth 8-7129] Port weights_flat[6766] in module compute_nin is either unconnected or has no load
WARNING: [Synth 8-7129] Port weights_flat[6765] in module compute_nin is either unconnected or has no load
WARNING: [Synth 8-7129] Port weights_flat[6564] in module compute_nin is either unconnected or has no load
WARNING: [Synth 8-7129] Port weights_flat[6563] in module compute_nin is either unconnected or has no load
WARNING: [Synth 8-7129] Port weights_flat[6562] in module compute_nin is either unconnected or has no load
WARNING: [Synth 8-7129] Port weights_flat[6561] in module compute_nin is either unconnected or has no load
WARNING: [Synth 8-7129] Port weights_flat[6560] in module compute_nin is either unconnected or has no load
WARNING: [Synth 8-7129] Port weights_flat[6359] in module compute_nin is either unconnected or has no load
WARNING: [Synth 8-7129] Port weights_flat[6358] in module compute_nin is either unconnected or has no load
WARNING: [Synth 8-7129] Port weights_flat[6357] in module compute_nin is either unconnected or has no load
WARNING: [Synth 8-7129] Port weights_flat[6356] in module compute_nin is either unconnected or has no load
WARNING: [Synth 8-7129] Port weights_flat[6355] in module compute_nin is either unconnected or has no load
WARNING: [Synth 8-7129] Port weights_flat[6154] in module compute_nin is either unconnected or has no load
WARNING: [Synth 8-7129] Port weights_flat[6153] in module compute_nin is either unconnected or has no load
WARNING: [Synth 8-7129] Port weights_flat[6152] in module compute_nin is either unconnected or has no load
WARNING: [Synth 8-7129] Port weights_flat[6151] in module compute_nin is either unconnected or has no load
WARNING: [Synth 8-7129] Port weights_flat[6150] in module compute_nin is either unconnected or has no load
WARNING: [Synth 8-7129] Port weights_flat[5949] in module compute_nin is either unconnected or has no load
WARNING: [Synth 8-7129] Port weights_flat[5948] in module compute_nin is either unconnected or has no load
WARNING: [Synth 8-7129] Port weights_flat[5947] in module compute_nin is either unconnected or has no load
WARNING: [Synth 8-7129] Port weights_flat[5946] in module compute_nin is either unconnected or has no load
WARNING: [Synth 8-7129] Port weights_flat[5945] in module compute_nin is either unconnected or has no load
WARNING: [Synth 8-7129] Port weights_flat[5744] in module compute_nin is either unconnected or has no load
WARNING: [Synth 8-7129] Port weights_flat[5743] in module compute_nin is either unconnected or has no load
WARNING: [Synth 8-7129] Port weights_flat[5742] in module compute_nin is either unconnected or has no load
WARNING: [Synth 8-7129] Port weights_flat[5741] in module compute_nin is either unconnected or has no load
INFO: [Common 17-14] Message 'Synth 8-7129' appears 100 times and further instances of the messages will be disabled. Use the Tcl command set_msg_config to change the current settings.
---------------------------------------------------------------------------------
Finished RTL Elaboration : Time (s): cpu = 00:00:07 ; elapsed = 00:00:07 . Memory (MB): peak = 1548.883 ; gain = 804.895
---------------------------------------------------------------------------------
---------------------------------------------------------------------------------
Start Handling Custom Attributes
---------------------------------------------------------------------------------
---------------------------------------------------------------------------------
Finished Handling Custom Attributes : Time (s): cpu = 00:00:07 ; elapsed = 00:00:07 . Memory (MB): peak = 1548.883 ; gain = 804.895
---------------------------------------------------------------------------------
---------------------------------------------------------------------------------
Finished RTL Optimization Phase 1 : Time (s): cpu = 00:00:07 ; elapsed = 00:00:07 . Memory (MB): peak = 1548.883 ; gain = 804.895
---------------------------------------------------------------------------------
Netlist sorting complete. Time (s): cpu = 00:00:00 ; elapsed = 00:00:00.334 . Memory (MB): peak = 1548.883 ; gain = 0.000
INFO: [Project 1-570] Preparing netlist for logic optimization

Processing XDC Constraints
Initializing timing engine
Completed Processing XDC Constraints

Netlist sorting complete. Time (s): cpu = 00:00:00 ; elapsed = 00:00:00.004 . Memory (MB): peak = 1655.980 ; gain = 0.000
INFO: [Project 1-111] Unisim Transformation Summary:
No Unisim elements were transformed.

---------------------------------------------------------------------------------
Finished Constraint Validation : Time (s): cpu = 00:00:17 ; elapsed = 00:00:17 . Memory (MB): peak = 1657.664 ; gain = 913.676
---------------------------------------------------------------------------------
---------------------------------------------------------------------------------
Start Loading Part and Timing Information
---------------------------------------------------------------------------------
Loading part: xc7z020clg400-1
---------------------------------------------------------------------------------
Finished Loading Part and Timing Information : Time (s): cpu = 00:00:17 ; elapsed = 00:00:17 . Memory (MB): peak = 1657.664 ; gain = 913.676
---------------------------------------------------------------------------------
---------------------------------------------------------------------------------
Start Applying 'set_property' XDC Constraints
---------------------------------------------------------------------------------
---------------------------------------------------------------------------------
Finished applying 'set_property' XDC Constraints : Time (s): cpu = 00:00:17 ; elapsed = 00:00:17 . Memory (MB): peak = 1657.664 ; gain = 913.676
---------------------------------------------------------------------------------
INFO: [Synth 8-802] inferred FSM for state register 'state_reg' in module 'phase_alignment'
---------------------------------------------------------------------------------------------------
                   State |                     New Encoding |                Previous Encoding 
---------------------------------------------------------------------------------------------------
                      s0 |                              000 |                              000
                      s3 |                              001 |                              011
                      s4 |                              010 |                              100
                      s1 |                              011 |                              001
                      s2 |                              100 |                              010
                      s5 |                              101 |                              101
---------------------------------------------------------------------------------------------------
INFO: [Synth 8-3354] encoded FSM with state register 'state_reg' using encoding 'sequential' in module 'phase_alignment'
---------------------------------------------------------------------------------
Finished RTL Optimization Phase 2 : Time (s): cpu = 00:00:21 ; elapsed = 00:00:21 . Memory (MB): peak = 1657.664 ; gain = 913.676
---------------------------------------------------------------------------------
---------------------------------------------------------------------------------
Start RTL Component Statistics 
---------------------------------------------------------------------------------
Detailed RTL Component Info : 
+---Adders : 
	  78 Input   45 Bit       Adders := 40    
	   2 Input   32 Bit       Adders := 5     
	  14 Input   13 Bit       Adders := 8     
	 160 Input    9 Bit       Adders := 1     
	   2 Input    8 Bit       Adders := 2     
	   2 Input    7 Bit       Adders := 1     
	  32 Input    6 Bit       Adders := 1     
	   2 Input    5 Bit       Adders := 2     
	   2 Input    4 Bit       Adders := 146   
	   3 Input    4 Bit       Adders := 48    
+---XORs : 
	   2 Input      4 Bit         XORs := 48    
+---Registers : 
	              160 Bit    Registers := 2     
	               40 Bit    Registers := 1     
	               32 Bit    Registers := 7     
	               16 Bit    Registers := 49    
	                8 Bit    Registers := 3     
	                7 Bit    Registers := 1     
	                6 Bit    Registers := 2     
	                5 Bit    Registers := 1     
	                4 Bit    Registers := 243   
	                1 Bit    Registers := 252   
+---Muxes : 
	   2 Input  160 Bit        Muxes := 1     
	   2 Input   45 Bit        Muxes := 1560  
	  17 Input   32 Bit        Muxes := 1     
	   2 Input   32 Bit        Muxes := 1     
	   2 Input   13 Bit        Muxes := 56    
	   2 Input    7 Bit        Muxes := 1     
	   2 Input    5 Bit        Muxes := 2     
	   2 Input    4 Bit        Muxes := 241   
	   7 Input    4 Bit        Muxes := 48    
	   3 Input    4 Bit        Muxes := 48    
	   2 Input    3 Bit        Muxes := 192   
	   4 Input    3 Bit        Muxes := 48    
	   3 Input    3 Bit        Muxes := 48    
	   6 Input    3 Bit        Muxes := 96    
	  19 Input    3 Bit        Muxes := 48    
	   2 Input    2 Bit        Muxes := 144   
	   3 Input    2 Bit        Muxes := 1     
	   6 Input    1 Bit        Muxes := 96    
	   2 Input    1 Bit        Muxes := 149   
	   7 Input    1 Bit        Muxes := 48    
	   3 Input    1 Bit        Muxes := 96    
---------------------------------------------------------------------------------
Finished RTL Component Statistics 
---------------------------------------------------------------------------------
---------------------------------------------------------------------------------
Start Part Resource Summary
---------------------------------------------------------------------------------
Part Resources:
DSPs: 220 (col length:60)
BRAMs: 280 (col length: RAMB18 60 RAMB36 30)
---------------------------------------------------------------------------------
Finished Part Resource Summary
---------------------------------------------------------------------------------
---------------------------------------------------------------------------------
Start Cross Boundary and Area Optimization
---------------------------------------------------------------------------------
INFO: [Synth 8-3333] propagating constant 0 across sequential element (\zero_counter_reg[5] )
INFO: [Synth 8-3886] merging instance 'matcher_inst/min_total_diff_reg[8]' (FDPE) to 'matcher_inst/min_total_diff_reg[9]'
INFO: [Synth 8-3886] merging instance 'matcher_inst/min_total_diff_reg[9]' (FDPE) to 'matcher_inst/min_total_diff_reg[10]'
INFO: [Synth 8-3886] merging instance 'matcher_inst/min_total_diff_reg[10]' (FDPE) to 'matcher_inst/min_total_diff_reg[11]'
INFO: [Synth 8-3886] merging instance 'matcher_inst/min_total_diff_reg[11]' (FDPE) to 'matcher_inst/min_total_diff_reg[12]'
INFO: [Synth 8-3886] merging instance 'matcher_inst/min_total_diff_reg[12]' (FDPE) to 'matcher_inst/min_total_diff_reg[13]'
INFO: [Synth 8-3886] merging instance 'matcher_inst/min_total_diff_reg[13]' (FDPE) to 'matcher_inst/min_total_diff_reg[14]'
INFO: [Synth 8-3886] merging instance 'matcher_inst/min_total_diff_reg[14]' (FDPE) to 'matcher_inst/min_total_diff_reg[15]'
---------------------------------------------------------------------------------
Finished Cross Boundary and Area Optimization : Time (s): cpu = 00:01:20 ; elapsed = 00:01:21 . Memory (MB): peak = 1657.664 ; gain = 913.676
---------------------------------------------------------------------------------
---------------------------------------------------------------------------------
Start ROM, RAM, DSP, Shift Register and Retiming Reporting
---------------------------------------------------------------------------------

ROM: Preliminary Mapping Report
+----------------------+------------+---------------+----------------+
|Module Name           | RTL Object | Depth x Width | Implemented As | 
+----------------------+------------+---------------+----------------+
|nearest_40bit_matcher | patterns   | 256x8         | LUT            | 
+----------------------+------------+---------------+----------------+

---------------------------------------------------------------------------------
Finished ROM, RAM, DSP, Shift Register and Retiming Reporting
---------------------------------------------------------------------------------
---------------------------------------------------------------------------------
Start Applying XDC Timing Constraints
---------------------------------------------------------------------------------
---------------------------------------------------------------------------------
Finished Applying XDC Timing Constraints : Time (s): cpu = 00:01:27 ; elapsed = 00:01:29 . Memory (MB): peak = 1726.559 ; gain = 982.570
---------------------------------------------------------------------------------
---------------------------------------------------------------------------------
Start Timing Optimization
---------------------------------------------------------------------------------
---------------------------------------------------------------------------------
Finished Timing Optimization : Time (s): cpu = 00:01:29 ; elapsed = 00:01:31 . Memory (MB): peak = 1740.871 ; gain = 996.883
---------------------------------------------------------------------------------
---------------------------------------------------------------------------------
Start Technology Mapping
---------------------------------------------------------------------------------
INFO: [Synth 8-3886] merging instance 'onn_1i_18/inst/riya/onn_1/matcher_inst/index_reg_rep_rep[0]' (FDCE) to 'onn_1i_18/inst/riya/onn_1/matcher_inst/index_reg_rep[0]'
INFO: [Synth 8-3886] merging instance 'onn_1i_18/inst/riya/onn_1/matcher_inst/index_reg_rep_rep[1]' (FDCE) to 'onn_1i_18/inst/riya/onn_1/matcher_inst/index_reg_rep[1]'
INFO: [Synth 8-3886] merging instance 'onn_1i_18/inst/riya/onn_1/matcher_inst/index_reg_rep_rep[2]' (FDCE) to 'onn_1i_18/inst/riya/onn_1/matcher_inst/index_reg_rep[2]'
INFO: [Synth 8-3886] merging instance 'onn_1i_18/inst/riya/onn_1/matcher_inst/index_reg_rep_rep[3]' (FDCE) to 'onn_1i_18/inst/riya/onn_1/matcher_inst/index_reg_rep[3]'
INFO: [Synth 8-3886] merging instance 'onn_1i_18/inst/riya/onn_1/matcher_inst/index_reg_rep_rep[4]' (FDCE) to 'onn_1i_18/inst/riya/onn_1/matcher_inst/index_reg_rep[4]'
INFO: [Synth 8-3886] merging instance 'onn_1i_18/inst/riya/onn_1/matcher_inst/index_reg_rep_rep[5]' (FDCE) to 'onn_1i_18/inst/riya/onn_1/matcher_inst/index_reg_rep[5]'
INFO: [Synth 8-3886] merging instance 'onn_1i_18/inst/riya/onn_1/matcher_inst/index_reg_rep_rep[6]' (FDCE) to 'onn_1i_18/inst/riya/onn_1/matcher_inst/index_reg_rep[6]'
INFO: [Synth 8-3886] merging instance 'onn_1i_18/inst/riya/onn_1/matcher_inst/index_reg_rep_rep[7]' (FDCE) to 'onn_1i_18/inst/riya/onn_1/matcher_inst/index_reg_rep[7]'
---------------------------------------------------------------------------------
Finished Technology Mapping : Time (s): cpu = 00:01:34 ; elapsed = 00:01:37 . Memory (MB): peak = 1769.148 ; gain = 1025.160
---------------------------------------------------------------------------------
---------------------------------------------------------------------------------
Start IO Insertion
---------------------------------------------------------------------------------
---------------------------------------------------------------------------------
Start Flattening Before IO Insertion
---------------------------------------------------------------------------------
---------------------------------------------------------------------------------
Finished Flattening Before IO Insertion
---------------------------------------------------------------------------------
---------------------------------------------------------------------------------
Start Final Netlist Cleanup
---------------------------------------------------------------------------------
---------------------------------------------------------------------------------
Finished Final Netlist Cleanup
---------------------------------------------------------------------------------
---------------------------------------------------------------------------------
Finished IO Insertion : Time (s): cpu = 00:01:39 ; elapsed = 00:01:42 . Memory (MB): peak = 1967.777 ; gain = 1223.789
---------------------------------------------------------------------------------
---------------------------------------------------------------------------------
Start Renaming Generated Instances
---------------------------------------------------------------------------------
---------------------------------------------------------------------------------
Finished Renaming Generated Instances : Time (s): cpu = 00:01:39 ; elapsed = 00:01:43 . Memory (MB): peak = 1967.777 ; gain = 1223.789
---------------------------------------------------------------------------------
---------------------------------------------------------------------------------
Start Rebuilding User Hierarchy
---------------------------------------------------------------------------------
---------------------------------------------------------------------------------
Finished Rebuilding User Hierarchy : Time (s): cpu = 00:01:42 ; elapsed = 00:01:46 . Memory (MB): peak = 2001.824 ; gain = 1257.836
---------------------------------------------------------------------------------
---------------------------------------------------------------------------------
Start Renaming Generated Ports
---------------------------------------------------------------------------------
---------------------------------------------------------------------------------
Finished Renaming Generated Ports : Time (s): cpu = 00:01:43 ; elapsed = 00:01:47 . Memory (MB): peak = 2001.824 ; gain = 1257.836
---------------------------------------------------------------------------------
---------------------------------------------------------------------------------
Start Handling Custom Attributes
---------------------------------------------------------------------------------
---------------------------------------------------------------------------------
Finished Handling Custom Attributes : Time (s): cpu = 00:01:43 ; elapsed = 00:01:47 . Memory (MB): peak = 2001.824 ; gain = 1257.836
---------------------------------------------------------------------------------
---------------------------------------------------------------------------------
Start Renaming Generated Nets
---------------------------------------------------------------------------------
---------------------------------------------------------------------------------
Finished Renaming Generated Nets : Time (s): cpu = 00:01:44 ; elapsed = 00:01:47 . Memory (MB): peak = 2001.824 ; gain = 1257.836
---------------------------------------------------------------------------------
---------------------------------------------------------------------------------
Start Writing Synthesis Report
---------------------------------------------------------------------------------

Report BlackBoxes: 
+-+--------------+----------+
| |BlackBox name |Instances |
+-+--------------+----------+
+-+--------------+----------+

Report Cell Usage: 
+------+-------+------+
|      |Cell   |Count |
+------+-------+------+
|1     |CARRY4 | 10020|
|2     |LUT1   |   251|
|3     |LUT2   |  6022|
|4     |LUT3   | 11581|
|5     |LUT4   | 32861|
|6     |LUT5   |  2791|
|7     |LUT6   |  4512|
|8     |MUXF7  |    92|
|9     |MUXF8  |    46|
|10    |FDCE   |   760|
|11    |FDPE   |   591|
|12    |FDRE   |  1289|
|13    |LDC    |   192|
+------+-------+------+
---------------------------------------------------------------------------------
Finished Writing Synthesis Report : Time (s): cpu = 00:01:44 ; elapsed = 00:01:47 . Memory (MB): peak = 2001.824 ; gain = 1257.836
---------------------------------------------------------------------------------
Synthesis finished with 0 errors, 0 critical warnings and 0 warnings.
Synthesis Optimization Runtime : Time (s): cpu = 00:01:31 ; elapsed = 00:01:43 . Memory (MB): peak = 2001.824 ; gain = 1149.055
Synthesis Optimization Complete : Time (s): cpu = 00:01:44 ; elapsed = 00:01:48 . Memory (MB): peak = 2001.824 ; gain = 1257.836
INFO: [Project 1-571] Translating synthesized netlist
Netlist sorting complete. Time (s): cpu = 00:00:01 ; elapsed = 00:00:00.639 . Memory (MB): peak = 2024.797 ; gain = 0.000
INFO: [Netlist 29-17] Analyzing 10350 Unisim elements for replacement
INFO: [Netlist 29-28] Unisim Transformation completed in 0 CPU seconds
INFO: [Project 1-570] Preparing netlist for logic optimization
INFO: [Opt 31-138] Pushed 0 inverter(s) to 0 load pin(s).
Netlist sorting complete. Time (s): cpu = 00:00:00 ; elapsed = 00:00:00.018 . Memory (MB): peak = 2072.023 ; gain = 0.000
INFO: [Project 1-111] Unisim Transformation Summary:
  A total of 192 instances were transformed.
  LDC => LDCE: 192 instances

Synth Design complete | Checksum: 21af9137
INFO: [Common 17-83] Releasing license: Synthesis
76 Infos, 109 Warnings, 0 Critical Warnings and 0 Errors encountered.
synth_design completed successfully
synth_design: Time (s): cpu = 00:01:54 ; elapsed = 00:02:02 . Memory (MB): peak = 2072.023 ; gain = 1553.879
INFO: [Coretcl 2-1174] Renamed 253 cell refs.
Write ShapeDB Complete: Time (s): cpu = 00:00:00 ; elapsed = 00:00:00.157 . Memory (MB): peak = 2072.023 ; gain = 0.000
INFO: [Common 17-1381] The checkpoint 'C:/Users/riyan/ONN_Final_Implementation/ONN_Final_Implementation.runs/design_2_top_onn_system_wrapp_0_1_synth_1/design_2_top_onn_system_wrapp_0_1.dcp' has been generated.
INFO: [Vivado 12-24828] Executing command : report_utilization -file design_2_top_onn_system_wrapp_0_1_utilization_synth.rpt -pb design_2_top_onn_system_wrapp_0_1_utilization_synth.pb
write_vhdl: Time (s): cpu = 00:00:11 ; elapsed = 00:00:11 . Memory (MB): peak = 2072.023 ; gain = 0.000
INFO: [Common 17-206] Exiting Vivado at Mon Jul  7 11:10:49 2025...
