Vivado Simulator v2025.1.0
Copyright 1986-2022 Xilinx, Inc. All Rights Reserved.
Copyright 2022-2025 Advanced Micro Devices, Inc. All Rights Reserved.
Running: E:/riyan/2025.1/Vivado/bin/unwrapped/win64.o/xelab.exe --incr --debug typical --relax --mt 2 -L xil_defaultlib -L unisims_ver -L unimacro_ver -L secureip --snapshot top_onn_system_tb_behav xil_defaultlib.top_onn_system_tb xil_defaultlib.glbl -log elaborate.log 
Using 2 slave threads.
Starting static elaboration
Pass Through NonSizing Optimizer
Completed static elaboration
Starting simulation data flow analysis
Completed simulation data flow analysis
Time Resolution for simulation is 1ps
Compiling module xil_defaultlib.clk_divider
Compiling module xil_defaultlib.clock_divider
Compiling module xil_defaultlib.oscillator
Compiling module xil_defaultlib.compute_nin
Compiling module xil_defaultlib.edge_detector
Compiling module xil_defaultlib.phase_alignment
Compiling module xil_defaultlib.phase_reg
Compiling module xil_defaultlib.nearest_40bit_matcher
Compiling module xil_defaultlib.onn_system_1ONN_default
Compiling module xil_defaultlib.compute_nin_2ONN
Compiling module xil_defaultlib.nearest_8bit_matcher
Compiling module xil_defaultlib.onn_system_2ONN_default
Compiling module xil_defaultlib.top_onn_system
Compiling module xil_defaultlib.top_onn_system_wrapper
Compiling module xil_defaultlib.top_onn_system_tb
Compiling module xil_defaultlib.glbl
Built simulation snapshot top_onn_system_tb_behav
